INFO 2025-06-26 00:13:22,144 autoreload Watching for file changes with StatReloader
INFO 2025-06-26 00:14:39,185 autoreload Watching for file changes with StatReloader
INFO 2025-06-26 00:16:23,495 autoreload Watching for file changes with StatReloader
ERROR 2025-06-26 00:16:44,240 log Internal Server Error: /results/
Traceback (most recent call last):
  File "D:\BSUIR\sem6\practice_app\.venv\Lib\site-packages\django\db\backends\utils.py", line 105, in _execute
    return self.cursor.execute(sql, params)
           ^^^^^^^^^^^^^^^^^^^^^^^^^^^^^^^^
  File "D:\BSUIR\sem6\practice_app\.venv\Lib\site-packages\django\db\backends\sqlite3\base.py", line 360, in execute
    return super().execute(query, params)
           ^^^^^^^^^^^^^^^^^^^^^^^^^^^^^^
sqlite3.IntegrityError: NOT NULL constraint failed: income_prediction_results.value

The above exception was the direct cause of the following exception:

Traceback (most recent call last):
  File "D:\BSUIR\sem6\practice_app\.venv\Lib\site-packages\django\core\handlers\exception.py", line 55, in inner
    response = get_response(request)
               ^^^^^^^^^^^^^^^^^^^^^
  File "D:\BSUIR\sem6\practice_app\.venv\Lib\site-packages\django\core\handlers\base.py", line 197, in _get_response
    response = wrapped_callback(request, *callback_args, **callback_kwargs)
               ^^^^^^^^^^^^^^^^^^^^^^^^^^^^^^^^^^^^^^^^^^^^^^^^^^^^^^^^^^^^
  File "D:\BSUIR\sem6\practice_app\.venv\Lib\site-packages\django\contrib\auth\decorators.py", line 59, in _view_wrapper
    return view_func(request, *args, **kwargs)
           ^^^^^^^^^^^^^^^^^^^^^^^^^^^^^^^^^^^
  File "D:\BSUIR\sem6\practice_app\income_prediction\views.py", line 127, in results_view
    result.save()
  File "D:\BSUIR\sem6\practice_app\.venv\Lib\site-packages\django\db\models\base.py", line 902, in save
    self.save_base(
  File "D:\BSUIR\sem6\practice_app\.venv\Lib\site-packages\django\db\models\base.py", line 1008, in save_base
    updated = self._save_table(
              ^^^^^^^^^^^^^^^^^
  File "D:\BSUIR\sem6\practice_app\.venv\Lib\site-packages\django\db\models\base.py", line 1169, in _save_table
    results = self._do_insert(
              ^^^^^^^^^^^^^^^^
  File "D:\BSUIR\sem6\practice_app\.venv\Lib\site-packages\django\db\models\base.py", line 1210, in _do_insert
    return manager._insert(
           ^^^^^^^^^^^^^^^^
  File "D:\BSUIR\sem6\practice_app\.venv\Lib\site-packages\django\db\models\manager.py", line 87, in manager_method
    return getattr(self.get_queryset(), name)(*args, **kwargs)
           ^^^^^^^^^^^^^^^^^^^^^^^^^^^^^^^^^^^^^^^^^^^^^^^^^^^
  File "D:\BSUIR\sem6\practice_app\.venv\Lib\site-packages\django\db\models\query.py", line 1868, in _insert
    return query.get_compiler(using=using).execute_sql(returning_fields)
           ^^^^^^^^^^^^^^^^^^^^^^^^^^^^^^^^^^^^^^^^^^^^^^^^^^^^^^^^^^^^^
  File "D:\BSUIR\sem6\practice_app\.venv\Lib\site-packages\django\db\models\sql\compiler.py", line 1882, in execute_sql
    cursor.execute(sql, params)
  File "D:\BSUIR\sem6\practice_app\.venv\Lib\site-packages\django\db\backends\utils.py", line 122, in execute
    return super().execute(sql, params)
           ^^^^^^^^^^^^^^^^^^^^^^^^^^^^
  File "D:\BSUIR\sem6\practice_app\.venv\Lib\site-packages\django\db\backends\utils.py", line 79, in execute
    return self._execute_with_wrappers(
           ^^^^^^^^^^^^^^^^^^^^^^^^^^^^
  File "D:\BSUIR\sem6\practice_app\.venv\Lib\site-packages\django\db\backends\utils.py", line 92, in _execute_with_wrappers
    return executor(sql, params, many, context)
           ^^^^^^^^^^^^^^^^^^^^^^^^^^^^^^^^^^^^
  File "D:\BSUIR\sem6\practice_app\.venv\Lib\site-packages\django\db\backends\utils.py", line 100, in _execute
    with self.db.wrap_database_errors:
  File "D:\BSUIR\sem6\practice_app\.venv\Lib\site-packages\django\db\utils.py", line 91, in __exit__
    raise dj_exc_value.with_traceback(traceback) from exc_value
  File "D:\BSUIR\sem6\practice_app\.venv\Lib\site-packages\django\db\backends\utils.py", line 105, in _execute
    return self.cursor.execute(sql, params)
           ^^^^^^^^^^^^^^^^^^^^^^^^^^^^^^^^
  File "D:\BSUIR\sem6\practice_app\.venv\Lib\site-packages\django\db\backends\sqlite3\base.py", line 360, in execute
    return super().execute(query, params)
           ^^^^^^^^^^^^^^^^^^^^^^^^^^^^^^
django.db.utils.IntegrityError: NOT NULL constraint failed: income_prediction_results.value
INFO 2025-06-26 00:17:22,582 autoreload Watching for file changes with StatReloader
INFO 2025-06-26 00:23:52,984 autoreload Watching for file changes with StatReloader
INFO 2025-06-26 00:23:57,358 views Accessed index page
DEBUG 2025-06-26 00:23:58,534 views Accessing account view for user Alex
INFO 2025-06-26 00:24:25,072 views User  logged out successfully
WARNING 2025-06-26 00:24:25,075 views Login form validation failed
INFO 2025-06-26 00:25:12,382 autoreload Watching for file changes with StatReloader
INFO 2025-06-26 00:25:18,429 views Accessed index page
INFO 2025-06-26 00:25:30,163 views User Alex logged in successfully
DEBUG 2025-06-26 00:25:30,178 views Accessing account view for user Alex
DEBUG 2025-06-26 00:25:59,640 views Accessing account view for user Alex
INFO 2025-06-26 00:26:00,402 views Password changed for user Alex
DEBUG 2025-06-26 00:26:00,417 views Accessing account view for user Alex
WARNING 2025-06-26 00:26:06,882 views Prediction form validation failed
DEBUG 2025-06-26 00:26:17,930 views Form data received: {'P1': 0.0, 'P2': 0.0, 'P3': 0.0, 'P4': 0.0, 'P5': 0.0, 'P6': 0.0, 'P7': 0.0, 'P11': 0.0, 'P12': 0.0, 'P14': 0.0, 'P15': 0.0, 'P17': 0.0, 'P18': 0.0, 'P19': 0.0, 'P20': 0.0, 'P21': 0.0, 'P22': 3.0, 'P23': 0.0, 'P25': 0.0, 'P27': 0.0, 'P28': 0.0, 'P29': 0.0, 'P33': 0.0, 'P37': 6.0, 'city_group': 'Other', 'restaurant_type': 'FC', 'days_open': datetime.date(2015, 1, 24)}
INFO 2025-06-26 00:26:17,935 views Making prediction with params: {'P1': 0.0, 'P2': 0.0, 'P3': 0.0, 'P4': 0.0, 'P5': 0.0, 'P6': 0.0, 'P7': 0.0, 'P11': 0.0, 'P12': 0.0, 'P14': 0.0, 'P15': 0.0, 'P17': 0.0, 'P18': 0.0, 'P19': 0.0, 'P20': 0.0, 'P21': 0.0, 'P22': 3.0, 'P23': 0.0, 'P25': 0.0, 'P27': 0.0, 'P28': 0.0, 'P29': 0.0, 'P33': 0.0, 'P37': 6.0, 'City Group_Big Cities': 0, 'City Group_Other': 1, 'Type_FC': 1, 'Type_IL': 0, 'Days Open': 0.058}
INFO 2025-06-26 00:26:17,970 views Saved prediction result 2273874.75 for user Alex
WARNING 2025-06-26 00:26:23,853 views Prediction form validation failed
INFO 2025-06-26 15:05:22,423 autoreload Watching for file changes with StatReloader
INFO 2025-06-26 15:05:27,152 views Accessed index page
WARNING 2025-06-26 15:05:27,307 log Not Found: /favicon.ico
INFO 2025-06-26 15:05:28,786 views User  logged out successfully
INFO 2025-06-26 15:06:18,800 views User Alex logged in successfully
DEBUG 2025-06-26 15:06:18,815 views Accessing account view for user Alex
DEBUG 2025-06-26 15:08:00,141 views Form data received: {'P1': 0.0, 'P2': 0.0, 'P3': 0.0, 'P4': 3.0, 'P5': 0.0, 'P6': 0.0, 'P7': 0.0, 'P11': 0.0, 'P12': 0.0, 'P14': 0.0, 'P15': 0.0, 'P17': 0.0, 'P18': 0.0, 'P19': 0.0, 'P20': 0.0, 'P21': 0.0, 'P22': 0.0, 'P23': 0.0, 'P25': 0.0, 'P27': 0.0, 'P28': 0.0, 'P29': 0.0, 'P33': 0.0, 'P37': 0.0, 'city_group': 'Big Cities', 'restaurant_type': 'FC', 'days_open': datetime.date(2015, 1, 1)}
INFO 2025-06-26 15:08:00,149 views Making prediction with params: {'P1': 0.0, 'P2': 0.0, 'P3': 0.0, 'P4': 3.0, 'P5': 0.0, 'P6': 0.0, 'P7': 0.0, 'P11': 0.0, 'P12': 0.0, 'P14': 0.0, 'P15': 0.0, 'P17': 0.0, 'P18': 0.0, 'P19': 0.0, 'P20': 0.0, 'P21': 0.0, 'P22': 0.0, 'P23': 0.0, 'P25': 0.0, 'P27': 0.0, 'P28': 0.0, 'P29': 0.0, 'P33': 0.0, 'P37': 0.0, 'City Group_Big Cities': 1, 'City Group_Other': 0, 'Type_FC': 1, 'Type_IL': 0, 'Days Open': 0.081}
INFO 2025-06-26 15:08:00,181 views Saved prediction result 2359313.25 for user Alex
INFO 2025-06-26 15:11:47,585 autoreload Watching for file changes with StatReloader
INFO 2025-06-26 17:56:52,057 autoreload Watching for file changes with StatReloader
INFO 2025-06-26 17:57:04,095 views Accessed index page
WARNING 2025-06-26 17:57:04,358 log Not Found: /favicon.ico
INFO 2025-06-26 17:57:13,351 views User Alex logged in successfully
DEBUG 2025-06-26 17:57:13,366 views Accessing account view for user Alex
